// Jest Snapshot v1, https://goo.gl/fbAQLP

exports[`CarouselLeftChevron component match snapshot 1`] = `
<div
  class="absolute flex flex-center carousel__left-chevron"
>
  <mybtn-stub
    icon="chevron_left"
    label=""
    size="20"
    type="button"
  />
</div>
`;
