// Jest Snapshot v1, https://goo.gl/fbAQLP

exports[`NewNoteDialog component match snapshot 1`] = `
<dialog-stub
  value="true"
>
  <newnoteform-stub />
</dialog-stub>
`;
